
> frontend@0.1.0 dev
> next dev

▲ Next.js 16.3.4 (Turbopack)
- Local:         http://localhost:3000
- Network:       http://192.168.1.20:3000
- Environments: .env.local
✓ Ready in 347ms
✓ Running next.config.ts took 32ms

 GET /merchant/ai-catalog 200 in 454ms (next.js: 267ms, application-code: 188ms)
 POST /api/e2e/buyer-session 201 in 65ms (next.js: 39ms, application-code: 26ms)
 GET /buyer 200 in 59ms (next.js: 16ms, application-code: 44ms)
 GET /merchant/ai-catalog 200 in 31ms (next.js: 2ms, application-code: 29ms)
 POST /api/e2e/buyer-session 201 in 11ms (next.js: 2ms, application-code: 9ms)
 GET /merchant/ai-catalog 200 in 29ms (next.js: 3ms, application-code: 27ms)
 GET /merchant/ai-catalog 200 in 35ms (next.js: 3ms, application-code: 32ms)
 POST /api/e2e/buyer-session 201 in 11ms (next.js: 2ms, application-code: 9ms)
 GET /merchant/ai-catalog 200 in 33ms (next.js: 2ms, application-code: 31ms)
 POST /api/e2e/buyer-session 201 in 11ms (next.js: 1.7ms, application-code: 9ms)
 GET /buyer 200 in 32ms (next.js: 3ms, application-code: 29ms)
 POST /api/e2e/buyer-session 201 in 11ms (next.js: 1.9ms, application-code: 9ms)
 GET /buyer 200 in 27ms (next.js: 2ms, application-code: 25ms)
 POST /api/e2e/buyer-session 201 in 11ms (next.js: 1.8ms, application-code: 9ms)
 GET /buyer 200 in 27ms (next.js: 2ms, application-code: 24ms)
 POST /api/e2e/buyer-session 201 in 11ms (next.js: 1.9ms, application-code: 9ms)
 GET /merchant 200 in 69ms (next.js: 19ms, application-code: 50ms)
 POST /api/e2e/buyer-session 201 in 11ms (next.js: 2ms, application-code: 9ms)
 GET /merchant/ai-catalog 200 in 41ms (next.js: 2ms, application-code: 39ms)
 POST /api/e2e/buyer-session 201 in 13ms (next.js: 1.7ms, application-code: 11ms)
 GET /merchant/ai-catalog 200 in 33ms (next.js: 3ms, application-code: 30ms)
 POST /api/e2e/buyer-session 201 in 10ms (next.js: 1.5ms, application-code: 8ms)
 GET /buyer 200 in 21ms (next.js: 1.8ms, application-code: 20ms)
 GET /merchant/ai-catalog 200 in 16ms (next.js: 4ms, application-code: 12ms)
 GET /merchant/products 200 in 33ms (next.js: 15ms, application-code: 18ms)
 POST /api/e2e/buyer-session 201 in 11ms (next.js: 1.8ms, application-code: 9ms)
 GET /merchant/products/prod_001 200 in 341ms (next.js: 326ms, application-code: 16ms)
 GET /merchant/products 200 in 13ms (next.js: 3ms, application-code: 11ms)
 GET /merchant/products/prod_001 200 in 20ms (next.js: 9ms, application-code: 11ms)
 GET /merchant/products 200 in 13ms (next.js: 3ms, application-code: 10ms)
 GET /merchant/products/prod_001 200 in 21ms (next.js: 7ms, application-code: 14ms)
 GET /merchant/products 200 in 12ms (next.js: 2ms, application-code: 10ms)
 GET /merchant/products/prod_yfBN9jEnhdYsJhJNHBW3hQ 200 in 18ms (next.js: 8ms, application-code: 10ms)
 GET /merchant/ai-catalog 200 in 14ms (next.js: 4ms, application-code: 10ms)
 GET /merchant/policy 200 in 223ms (next.js: 198ms, application-code: 25ms)
 GET /buyer 200 in 31ms (next.js: 8ms, application-code: 23ms)
 POST /api/e2e/buyer-session 201 in 11ms (next.js: 2ms, application-code: 9ms)
 GET /buyer 200 in 24ms (next.js: 3ms, application-code: 21ms)
 POST /api/e2e/buyer-session 201 in 8ms (next.js: 1.4ms, application-code: 7ms)
[?25h
