[browser] Failed to login buyer: Error: Buyer login failed
    at ApiClient.loginBuyer (src/lib/api/client.ts:62:24)
    at async doInit (src/lib/services/store.ts:126:7)
  60 |         method: "POST",
  61 |     });
> 62 |     if (!res.ok) throw new Error("Buyer login failed");
     |                        ^
  63 |     const data = await res.json();
  64 |     this.buyerToken = data.session_token;
  65 |   } (src/lib/services/store.ts:128:15)
[browser] Failed to login buyer: Error: Buyer login failed
    at ApiClient.loginBuyer (src/lib/api/client.ts:62:24)
    at async doInit (src/lib/services/store.ts:126:7)
  60 |         method: "POST",
  61 |     });
> 62 |     if (!res.ok) throw new Error("Buyer login failed");
     |                        ^
  63 |     const data = await res.json();
  64 |     this.buyerToken = data.session_token;
  65 |   } (src/lib/services/store.ts:128:15)
[browser] Failed to generate draft: ApiError: AI extraction is unavailable right now. Use the manual form.
    at ApiClient.request (src/lib/api/client.ts:52:15)
    at async ApiClient.extractDraft (src/lib/api/client.ts:234:17)
    at async Object.extractDraft (src/lib/services/store.ts:287:14)
    at async handleGenerate (src/app/merchant/ai-catalog/page.tsx:48:22)
  50 |         let err;
  51 |         try { err = await res.json(); } catch(e) { throw new Error(res.statusText); }
> 52 |         throw new ApiError(err);
     |               ^
  53 |     }
  54 |     return res.json();
  55 |   } (src/app/merchant/ai-catalog/page.tsx:52:15)
